2025-11-14 16:39:36,225 - INFO - Testing Past Performance extraction...
2025-11-14 16:39:36,520 - ERROR - Error extracting entry data: cannot access local variable 'entry_data' where it is not associated with a value
2025-11-14 16:39:36,520 - ERROR - Error extracting entry data: cannot access local variable 'entry_data' where it is not associated with a value
2025-11-14 16:39:36,520 - ERROR - Error extracting entry data: cannot access local variable 'entry_data' where it is not associated with a value
2025-11-14 16:39:36,520 - ERROR - Error extracting entry data: cannot access local variable 'entry_data' where it is not associated with a value
2025-11-14 16:39:36,520 - ERROR - Error extracting entry data: cannot access local variable 'entry_data' where it is not associated with a value
2025-11-14 16:39:36,521 - ERROR - Error extracting entry data: cannot access local variable 'entry_data' where it is not associated with a value
2025-11-14 16:39:36,522 - ERROR - Error extracting entry data: cannot access local variable 'entry_data' where it is not associated with a value
2025-11-14 16:39:36,522 - ERROR - Error extracting entry data: cannot access local variable 'entry_data' where it is not associated with a value
2025-11-14 16:39:36,522 - ERROR - Error extracting entry data: cannot access local variable 'entry_data' where it is not associated with a value
2025-11-14 16:39:36,522 - ERROR - Error extracting entry data: cannot access local variable 'entry_data' where it is not associated with a value
2025-11-14 16:39:36,522 - ERROR - Error extracting entry data: cannot access local variable 'entry_data' where it is not associated with a value
2025-11-14 16:39:36,522 - ERROR - Error extracting entry data: cannot access local variable 'entry_data' where it is not associated with a value
2025-11-14 16:39:36,522 - ERROR - Error extracting entry data: cannot access local variable 'entry_data' where it is not associated with a value
2025-11-14 16:39:36,522 - ERROR - Error extracting entry data: cannot access local variable 'entry_data' where it is not associated with a value
2025-11-14 16:39:36,522 - ERROR - Error extracting entry data: cannot access local variable 'entry_data' where it is not associated with a value
2025-11-14 16:39:36,522 - ERROR - Error extracting entry data: cannot access local variable 'entry_data' where it is not associated with a value
2025-11-14 16:39:36,522 - ERROR - Error extracting entry data: cannot access local variable 'entry_data' where it is not associated with a value
2025-11-14 16:39:36,522 - ERROR - Error extracting entry data: cannot access local variable 'entry_data' where it is not associated with a value
2025-11-14 16:39:36,523 - ERROR - Error extracting entry data: cannot access local variable 'entry_data' where it is not associated with a value
2025-11-14 16:39:36,523 - ERROR - Error extracting entry data: cannot access local variable 'entry_data' where it is not associated with a value
2025-11-14 16:39:36,523 - ERROR - Error extracting entry data: cannot access local variable 'entry_data' where it is not associated with a value
2025-11-14 16:39:36,523 - ERROR - Error extracting entry data: cannot access local variable 'entry_data' where it is not associated with a value
2025-11-14 16:39:36,523 - ERROR - Error extracting entry data: cannot access local variable 'entry_data' where it is not associated with a value
2025-11-14 16:39:36,523 - ERROR - Error extracting entry data: cannot access local variable 'entry_data' where it is not associated with a value
2025-11-14 16:39:36,523 - ERROR - Error extracting entry data: cannot access local variable 'entry_data' where it is not associated with a value
2025-11-14 16:39:36,524 - ERROR - Error extracting entry data: cannot access local variable 'entry_data' where it is not associated with a value
2025-11-14 16:39:36,524 - ERROR - Error extracting entry data: cannot access local variable 'entry_data' where it is not associated with a value
2025-11-14 16:39:36,524 - ERROR - Error extracting entry data: cannot access local variable 'entry_data' where it is not associated with a value
2025-11-14 16:39:36,524 - ERROR - Error extracting entry data: cannot access local variable 'entry_data' where it is not associated with a value
2025-11-14 16:39:36,524 - ERROR - Error extracting entry data: cannot access local variable 'entry_data' where it is not associated with a value
2025-11-14 16:39:36,524 - ERROR - Error extracting entry data: cannot access local variable 'entry_data' where it is not associated with a value
2025-11-14 16:39:36,524 - ERROR - Error extracting entry data: cannot access local variable 'entry_data' where it is not associated with a value
2025-11-14 16:39:36,524 - ERROR - Error extracting entry data: cannot access local variable 'entry_data' where it is not associated with a value
2025-11-14 16:39:36,524 - ERROR - Error extracting entry data: cannot access local variable 'entry_data' where it is not associated with a value
2025-11-14 16:39:36,525 - ERROR - Error extracting entry data: cannot access local variable 'entry_data' where it is not associated with a value
2025-11-14 16:39:36,525 - ERROR - Error extracting entry data: cannot access local variable 'entry_data' where it is not associated with a value
2025-11-14 16:39:36,525 - ERROR - Error extracting entry data: cannot access local variable 'entry_data' where it is not associated with a value
2025-11-14 16:39:36,525 - ERROR - Error extracting entry data: cannot access local variable 'entry_data' where it is not associated with a value
2025-11-14 16:39:36,525 - ERROR - Error extracting entry data: cannot access local variable 'entry_data' where it is not associated with a value
2025-11-14 16:39:36,525 - ERROR - Error extracting entry data: cannot access local variable 'entry_data' where it is not associated with a value
2025-11-14 16:39:36,525 - ERROR - Error extracting entry data: cannot access local variable 'entry_data' where it is not associated with a value
2025-11-14 16:39:36,525 - ERROR - Error extracting entry data: cannot access local variable 'entry_data' where it is not associated with a value
2025-11-14 16:39:36,525 - ERROR - Error extracting entry data: cannot access local variable 'entry_data' where it is not associated with a value
2025-11-14 16:39:36,525 - ERROR - Error extracting entry data: cannot access local variable 'entry_data' where it is not associated with a value
2025-11-14 16:39:36,525 - ERROR - Error extracting entry data: cannot access local variable 'entry_data' where it is not associated with a value
2025-11-14 16:39:36,525 - ERROR - Error extracting entry data: cannot access local variable 'entry_data' where it is not associated with a value
2025-11-14 16:39:36,525 - ERROR - Error extracting entry data: cannot access local variable 'entry_data' where it is not associated with a value
2025-11-14 16:39:36,525 - ERROR - Error extracting entry data: cannot access local variable 'entry_data' where it is not associated with a value
2025-11-14 16:39:36,525 - ERROR - Error extracting entry data: cannot access local variable 'entry_data' where it is not associated with a value
2025-11-14 16:39:36,525 - ERROR - Error extracting entry data: cannot access local variable 'entry_data' where it is not associated with a value
2025-11-14 16:39:36,525 - ERROR - Error extracting entry data: cannot access local variable 'entry_data' where it is not associated with a value
2025-11-14 16:39:36,526 - ERROR - Error extracting entry data: cannot access local variable 'entry_data' where it is not associated with a value
2025-11-14 16:39:36,526 - ERROR - Error extracting entry data: cannot access local variable 'entry_data' where it is not associated with a value
2025-11-14 16:39:36,526 - ERROR - Error extracting entry data: cannot access local variable 'entry_data' where it is not associated with a value
2025-11-14 16:39:36,526 - ERROR - Error extracting entry data: cannot access local variable 'entry_data' where it is not associated with a value
2025-11-14 16:39:36,526 - ERROR - Error extracting entry data: cannot access local variable 'entry_data' where it is not associated with a value
2025-11-14 16:39:36,526 - ERROR - Error extracting entry data: cannot access local variable 'entry_data' where it is not associated with a value
2025-11-14 16:39:36,526 - ERROR - Error extracting entry data: cannot access local variable 'entry_data' where it is not associated with a value
2025-11-14 16:39:36,527 - ERROR - Error extracting entry data: cannot access local variable 'entry_data' where it is not associated with a value
2025-11-14 16:39:36,527 - ERROR - Error extracting entry data: cannot access local variable 'entry_data' where it is not associated with a value
2025-11-14 16:39:36,527 - ERROR - Error extracting entry data: cannot access local variable 'entry_data' where it is not associated with a value
2025-11-14 16:39:36,527 - ERROR - Error extracting entry data: cannot access local variable 'entry_data' where it is not associated with a value
2025-11-14 16:39:36,527 - ERROR - Error extracting entry data: cannot access local variable 'entry_data' where it is not associated with a value
2025-11-14 16:39:36,527 - ERROR - Error extracting entry data: cannot access local variable 'entry_data' where it is not associated with a value
2025-11-14 16:39:36,527 - ERROR - Error extracting entry data: cannot access local variable 'entry_data' where it is not associated with a value
2025-11-14 16:39:36,527 - ERROR - Error extracting entry data: cannot access local variable 'entry_data' where it is not associated with a value
2025-11-14 16:39:36,527 - ERROR - Error extracting entry data: cannot access local variable 'entry_data' where it is not associated with a value
2025-11-14 16:39:36,527 - ERROR - Error extracting entry data: cannot access local variable 'entry_data' where it is not associated with a value
2025-11-14 16:39:36,527 - ERROR - Error extracting entry data: cannot access local variable 'entry_data' where it is not associated with a value
2025-11-14 16:39:36,538 - INFO - Past Performance extraction results:
2025-11-14 16:39:36,538 - INFO -   Races found: 9
2025-11-14 16:39:36,538 - INFO -   Entries found: 0
2025-11-14 16:39:36,538 - INFO - 
Sample race data:
2025-11-14 16:39:36,538 - INFO -   race_id: USA_2023-01-01_1
2025-11-14 16:39:36,538 - INFO -   track_code: USA
2025-11-14 16:39:36,538 - INFO -   race_date: 2023-01-01
2025-11-14 16:39:36,538 - INFO -   race_number: 1
2025-11-14 16:39:36,539 - INFO -   race_name: None
2025-11-14 16:39:36,539 - INFO -   conditions_text: FOR MAIDENS, FOUR YEARS OLD  AND UPWARD FOALED IN NEW YORK STATE AND APPROVED BY THE NEW YORK STATE-BRED REGISTRY. Weight, 122 lbs. Claiming Price $40,000 (1.5% Aftercare Assessment Due At Time Of Claim Otherwise Claim Will Be Void).
2025-11-14 16:39:36,539 - INFO -   post_time: 12:20PM
2025-11-14 16:39:36,539 - INFO -   max_claim_price: 40000.00
2025-11-14 16:39:36,539 - INFO -   min_claim_price: 40000.00
2025-11-14 16:39:36,539 - INFO -   source_file: 2023 PPs/SIMD20230101AQU_USA.xml
2025-11-14 16:39:36,539 - INFO -   data_source: past_performance
2025-11-14 16:39:36,539 - INFO -   course_type_code: DIRT
2025-11-14 16:39:36,539 - INFO -   track_condition: UNKNOWN
2025-11-14 16:39:36,539 - INFO -   race_type_code: MCL
2025-11-14 16:39:36,539 - INFO -   race_type_description: MCL
2025-11-14 16:39:36,539 - INFO -   class_level: 1
2025-11-14 16:39:36,539 - INFO -   purse_category: MAIDEN
2025-11-14 16:39:36,539 - INFO -   min_age: 4
2025-11-14 16:39:36,539 - INFO -   max_age: None
2025-11-14 16:39:36,539 - INFO -   fillies_and_mares: False
2025-11-14 16:39:36,539 - INFO -   colts_and_geldings: False
2025-11-14 16:39:36,539 - INFO -   fillies_only: False
2025-11-14 16:39:36,539 - INFO -   mares_only: False
2025-11-14 16:39:36,539 - INFO -   colts_only: False
2025-11-14 16:39:36,539 - INFO -   geldings_only: False
2025-11-14 16:39:36,540 - INFO -   distance_yards: 132000
2025-11-14 16:39:36,540 - INFO -   purse_usd: 43000.0
2025-11-14 16:39:36,540 - INFO - 
Testing database insertion...
2025-11-14 16:39:36,541 - ERROR - Database insert error: table races_standardized has no column named data_source
2025-11-14 16:39:36,541 - INFO - Testing Result Chart extraction...
2025-11-14 16:39:36,994 - INFO - Result Chart extraction results:
2025-11-14 16:39:36,994 - INFO -   Race updates: 9
2025-11-14 16:39:36,994 - INFO -   Entry updates: 62
2025-11-14 16:39:36,994 - INFO - 
Sample race update:
2025-11-14 16:39:36,994 - INFO -   race_id: AQU_2023-01-01_1
2025-11-14 16:39:36,994 - INFO -   winning_time: 73.61
2025-11-14 16:39:36,994 - INFO -   final_fraction_time: 0.0
2025-11-14 16:39:36,994 - INFO -   track_condition: MUDDY
2025-11-14 16:39:36,994 - INFO -   weather: Clear
2025-11-14 16:39:36,994 - INFO -   wind_speed: None
2025-11-14 16:39:36,994 - INFO -   wind_direction: None
2025-11-14 16:39:36,994 - INFO - 
Sample entry update:
2025-11-14 16:39:36,994 - INFO -   entry_id: AQU_2023-01-01_1_18009698
2025-11-14 16:39:36,994 - INFO -   race_id: AQU_2023-01-01_1
2025-11-14 16:39:36,994 - INFO -   registration_number: 18009698
2025-11-14 16:39:36,994 - INFO -   official_finish_position: 5.0
2025-11-14 16:39:36,994 - INFO -   final_time: 0.0
2025-11-14 16:39:36,994 - INFO -   speed_rating: 49.0
2025-11-14 16:39:36,994 - INFO -   win_payoff: 0.0
2025-11-14 16:39:36,994 - INFO -   place_payoff: 0.0
2025-11-14 16:39:36,994 - INFO -   show_payoff: 0.0
2025-11-14 16:39:36,994 - INFO -   actual_odds: 26.25
2025-11-14 16:39:36,994 - INFO -   race_comments: bumped st, chased ins, tipped 5w turn, 5w upper, trailed
2025-11-14 16:39:36,994 - INFO - 
Testing database update...
2025-11-14 16:39:36,994 - INFO - Updated 9 races with results
2025-11-14 16:39:37,009 - INFO - Updated 62 entries with results
2025-11-14 16:39:37,009 - INFO - Inserted 50 wagering records
2025-11-14 16:39:37,009 - INFO - Inserted 28 fraction records
2025-11-14 16:39:37,041 - INFO - Inserted 372 position call records
2025-11-14 16:39:37,057 - INFO - Checking database status after extraction tests...
2025-11-14 16:39:37,057 - INFO - Races in database: 0
2025-11-14 16:39:37,057 - INFO - Entries in database: 0
2025-11-14 16:39:37,057 - INFO - Equipment records: 0
2025-11-14 16:39:37,057 - INFO - Wagering records: 50
2025-11-14 16:40:07,118 - INFO - Testing Past Performance extraction...
2025-11-14 16:40:07,621 - INFO - Past Performance extraction results:
2025-11-14 16:40:07,621 - INFO -   Races found: 9
2025-11-14 16:40:07,623 - INFO -   Entries found: 69
2025-11-14 16:40:07,623 - INFO - 
Sample race data:
2025-11-14 16:40:07,623 - INFO -   race_id: USA_2023-01-01_1
2025-11-14 16:40:07,623 - INFO -   track_code: USA
2025-11-14 16:40:07,623 - INFO -   race_date: 2023-01-01
2025-11-14 16:40:07,623 - INFO -   race_number: 1
2025-11-14 16:40:07,623 - INFO -   race_name: None
2025-11-14 16:40:07,623 - INFO -   conditions_text: FOR MAIDENS, FOUR YEARS OLD  AND UPWARD FOALED IN NEW YORK STATE AND APPROVED BY THE NEW YORK STATE-BRED REGISTRY. Weight, 122 lbs. Claiming Price $40,000 (1.5% Aftercare Assessment Due At Time Of Claim Otherwise Claim Will Be Void).
2025-11-14 16:40:07,623 - INFO -   post_time: 12:20PM
2025-11-14 16:40:07,623 - INFO -   max_claim_price: 40000.00
2025-11-14 16:40:07,623 - INFO -   min_claim_price: 40000.00
2025-11-14 16:40:07,623 - INFO -   source_file: 2023 PPs/SIMD20230101AQU_USA.xml
2025-11-14 16:40:07,623 - INFO -   data_source: past_performance
2025-11-14 16:40:07,623 - INFO -   course_type_code: DIRT
2025-11-14 16:40:07,623 - INFO -   track_condition: UNKNOWN
2025-11-14 16:40:07,623 - INFO -   race_type_code: MCL
2025-11-14 16:40:07,623 - INFO -   race_type_description: MCL
2025-11-14 16:40:07,623 - INFO -   class_level: 1
2025-11-14 16:40:07,623 - INFO -   purse_category: MAIDEN
2025-11-14 16:40:07,623 - INFO -   min_age: 4
2025-11-14 16:40:07,623 - INFO -   max_age: None
2025-11-14 16:40:07,623 - INFO -   fillies_and_mares: False
2025-11-14 16:40:07,623 - INFO -   colts_and_geldings: False
2025-11-14 16:40:07,623 - INFO -   fillies_only: False
2025-11-14 16:40:07,623 - INFO -   mares_only: False
2025-11-14 16:40:07,623 - INFO -   colts_only: False
2025-11-14 16:40:07,623 - INFO -   geldings_only: False
2025-11-14 16:40:07,623 - INFO -   distance_yards: 132000
2025-11-14 16:40:07,623 - INFO -   purse_usd: 43000.0
2025-11-14 16:40:07,623 - INFO - 
Sample entry data:
2025-11-14 16:40:07,623 - INFO -   entry_id: USA_2023-01-01_1_18009698
2025-11-14 16:40:07,623 - INFO -   race_id: USA_2023-01-01_1
2025-11-14 16:40:07,623 - INFO -   registration_number: 18009698
2025-11-14 16:40:07,623 - INFO -   program_number: 1
2025-11-14 16:40:07,623 - INFO -   post_position: 1
2025-11-14 16:40:07,623 - INFO -   age_at_race: 5
2025-11-14 16:40:07,623 - INFO -   claim_price: 40000.0
2025-11-14 16:40:07,623 - INFO -   morning_line_odds: 20/1
2025-11-14 16:40:07,623 - INFO -   scratched: False
2025-11-14 16:40:07,623 - INFO -   trainer_id: 494
2025-11-14 16:40:07,623 - INFO -   owner_id: 2116693
2025-11-14 16:40:07,623 - INFO -   source_file: 2023 PPs/SIMD20230101AQU_USA.xml
2025-11-14 16:40:07,623 - INFO -   data_source: past_performance
2025-11-14 16:40:07,623 - INFO -   equipment_codes: []
2025-11-14 16:40:07,623 - INFO -   has_blinkers: False
2025-11-14 16:40:07,623 - INFO -   has_lasix: False
2025-11-14 16:40:07,623 - INFO -   has_tongue_tie: False
2025-11-14 16:40:07,623 - INFO -   has_nasal_strip: False
2025-11-14 16:40:07,623 - INFO -   weight_lbs: 112
2025-11-14 16:40:07,623 - INFO -   medication_codes: []
2025-11-14 16:40:07,623 - INFO - 
Testing database insertion...
2025-11-14 16:40:07,623 - ERROR - Database insert error: table races_standardized has no column named data_source
2025-11-14 16:40:07,623 - INFO - Testing Result Chart extraction...
2025-11-14 16:40:07,930 - INFO - Result Chart extraction results:
2025-11-14 16:40:07,930 - INFO -   Race updates: 9
2025-11-14 16:40:07,930 - INFO -   Entry updates: 62
2025-11-14 16:40:07,930 - INFO - 
Sample race update:
2025-11-14 16:40:07,930 - INFO -   race_id: AQU_2023-01-01_1
2025-11-14 16:40:07,930 - INFO -   winning_time: 73.61
2025-11-14 16:40:07,930 - INFO -   final_fraction_time: 0.0
2025-11-14 16:40:07,930 - INFO -   track_condition: MUDDY
2025-11-14 16:40:07,930 - INFO -   weather: Clear
2025-11-14 16:40:07,930 - INFO -   wind_speed: None
2025-11-14 16:40:07,930 - INFO -   wind_direction: None
2025-11-14 16:40:07,930 - INFO - 
Sample entry update:
2025-11-14 16:40:07,932 - INFO -   entry_id: AQU_2023-01-01_1_18009698
2025-11-14 16:40:07,932 - INFO -   race_id: AQU_2023-01-01_1
2025-11-14 16:40:07,932 - INFO -   registration_number: 18009698
2025-11-14 16:40:07,932 - INFO -   official_finish_position: 5.0
2025-11-14 16:40:07,932 - INFO -   final_time: 0.0
2025-11-14 16:40:07,932 - INFO -   speed_rating: 49.0
2025-11-14 16:40:07,932 - INFO -   win_payoff: 0.0
2025-11-14 16:40:07,932 - INFO -   place_payoff: 0.0
2025-11-14 16:40:07,932 - INFO -   show_payoff: 0.0
2025-11-14 16:40:07,932 - INFO -   actual_odds: 26.25
2025-11-14 16:40:07,932 - INFO -   race_comments: bumped st, chased ins, tipped 5w turn, 5w upper, trailed
2025-11-14 16:40:07,932 - INFO - 
Testing database update...
2025-11-14 16:40:07,932 - INFO - Updated 9 races with results
2025-11-14 16:40:07,939 - INFO - Updated 62 entries with results
2025-11-14 16:40:07,943 - INFO - Inserted 50 wagering records
2025-11-14 16:40:07,945 - INFO - Inserted 28 fraction records
2025-11-14 16:40:07,969 - INFO - Inserted 372 position call records
2025-11-14 16:40:07,980 - INFO - Checking database status after extraction tests...
2025-11-14 16:40:07,980 - INFO - Races in database: 0
2025-11-14 16:40:07,980 - INFO - Entries in database: 0
2025-11-14 16:40:07,980 - INFO - Equipment records: 0
2025-11-14 16:40:07,980 - INFO - Wagering records: 50
2025-11-14 16:40:41,577 - INFO - Testing Past Performance extraction...
2025-11-14 16:40:41,844 - INFO - Past Performance extraction results:
2025-11-14 16:40:41,844 - INFO -   Races found: 9
2025-11-14 16:40:41,844 - INFO -   Entries found: 69
2025-11-14 16:40:41,844 - INFO - 
Sample race data:
2025-11-14 16:40:41,844 - INFO -   race_id: USA_2023-01-01_1
2025-11-14 16:40:41,844 - INFO -   track_code: USA
2025-11-14 16:40:41,844 - INFO -   race_date: 2023-01-01
2025-11-14 16:40:41,854 - INFO -   race_number: 1
2025-11-14 16:40:41,854 - INFO -   race_name: None
2025-11-14 16:40:41,854 - INFO -   conditions_text: FOR MAIDENS, FOUR YEARS OLD  AND UPWARD FOALED IN NEW YORK STATE AND APPROVED BY THE NEW YORK STATE-BRED REGISTRY. Weight, 122 lbs. Claiming Price $40,000 (1.5% Aftercare Assessment Due At Time Of Claim Otherwise Claim Will Be Void).
2025-11-14 16:40:41,854 - INFO -   post_time: 12:20PM
2025-11-14 16:40:41,854 - INFO -   max_claim_price: 40000.00
2025-11-14 16:40:41,854 - INFO -   min_claim_price: 40000.00
2025-11-14 16:40:41,854 - INFO -   source_file: 2023 PPs/SIMD20230101AQU_USA.xml
2025-11-14 16:40:41,854 - INFO -   data_source: past_performance
2025-11-14 16:40:41,854 - INFO -   course_type_code: DIRT
2025-11-14 16:40:41,854 - INFO -   track_condition: UNKNOWN
2025-11-14 16:40:41,854 - INFO -   race_type_code: MCL
2025-11-14 16:40:41,854 - INFO -   race_type_description: MCL
2025-11-14 16:40:41,854 - INFO -   class_level: 1
2025-11-14 16:40:41,854 - INFO -   purse_category: MAIDEN
2025-11-14 16:40:41,854 - INFO -   min_age: 4
2025-11-14 16:40:41,854 - INFO -   max_age: None
2025-11-14 16:40:41,854 - INFO -   fillies_and_mares: False
2025-11-14 16:40:41,854 - INFO -   colts_and_geldings: False
2025-11-14 16:40:41,854 - INFO -   fillies_only: False
2025-11-14 16:40:41,854 - INFO -   mares_only: False
2025-11-14 16:40:41,854 - INFO -   colts_only: False
2025-11-14 16:40:41,854 - INFO -   geldings_only: False
2025-11-14 16:40:41,854 - INFO -   distance_yards: 132000
2025-11-14 16:40:41,854 - INFO -   purse_usd: 43000.0
2025-11-14 16:40:41,854 - INFO - 
Sample entry data:
2025-11-14 16:40:41,854 - INFO -   entry_id: USA_2023-01-01_1_18009698
2025-11-14 16:40:41,854 - INFO -   race_id: USA_2023-01-01_1
2025-11-14 16:40:41,854 - INFO -   registration_number: 18009698
2025-11-14 16:40:41,854 - INFO -   program_number: 1
2025-11-14 16:40:41,854 - INFO -   post_position: 1
2025-11-14 16:40:41,854 - INFO -   age_at_race: 5
2025-11-14 16:40:41,854 - INFO -   claim_price: 40000.0
2025-11-14 16:40:41,854 - INFO -   morning_line_odds: 20/1
2025-11-14 16:40:41,854 - INFO -   scratched: False
2025-11-14 16:40:41,854 - INFO -   trainer_id: 494
2025-11-14 16:40:41,854 - INFO -   owner_id: 2116693
2025-11-14 16:40:41,854 - INFO -   source_file: 2023 PPs/SIMD20230101AQU_USA.xml
2025-11-14 16:40:41,854 - INFO -   data_source: past_performance
2025-11-14 16:40:41,854 - INFO -   equipment_codes: []
2025-11-14 16:40:41,854 - INFO -   has_blinkers: False
2025-11-14 16:40:41,854 - INFO -   has_lasix: False
2025-11-14 16:40:41,854 - INFO -   has_tongue_tie: False
2025-11-14 16:40:41,854 - INFO -   has_nasal_strip: False
2025-11-14 16:40:41,854 - INFO -   weight_lbs: 112
2025-11-14 16:40:41,854 - INFO -   medication_codes: []
2025-11-14 16:40:41,854 - INFO - 
Testing database insertion...
2025-11-14 16:40:41,858 - INFO - Inserted 9 races
2025-11-14 16:40:41,864 - INFO - Inserted 69 entries
2025-11-14 16:40:41,873 - INFO - Testing Result Chart extraction...
2025-11-14 16:40:42,146 - WARNING - Could not find registration number for horse: Igottahaveit
2025-11-14 16:40:42,147 - WARNING - Could not find registration number for horse: Steerage
2025-11-14 16:40:42,147 - WARNING - Could not find registration number for horse: Clash A. J.
2025-11-14 16:40:42,147 - WARNING - Could not find registration number for horse: Quackenbush
2025-11-14 16:40:42,149 - WARNING - Could not find registration number for horse: Silent Running
2025-11-14 16:40:42,149 - WARNING - Could not find registration number for horse: Color Commish
2025-11-14 16:40:42,149 - WARNING - Could not find registration number for horse: Swifty Devil
2025-11-14 16:40:42,149 - WARNING - Could not find registration number for horse: Going in Style
2025-11-14 16:40:42,149 - WARNING - Could not find registration number for horse: Bobby the Tank
2025-11-14 16:40:42,149 - WARNING - Could not find registration number for horse: Larz
2025-11-14 16:40:42,149 - WARNING - Could not find registration number for horse: Joey Freshwater
2025-11-14 16:40:42,154 - WARNING - Could not find registration number for horse: Flashy Alex
2025-11-14 16:40:42,154 - WARNING - Could not find registration number for horse: Sweet Willemina
2025-11-14 16:40:42,154 - WARNING - Could not find registration number for horse: Battle Bling
2025-11-14 16:40:42,154 - WARNING - Could not find registration number for horse: Tonal Vision
2025-11-14 16:40:42,154 - WARNING - Could not find registration number for horse: Exotic West
2025-11-14 16:40:42,156 - WARNING - Could not find registration number for horse: Falconet
2025-11-14 16:40:42,156 - WARNING - Could not find registration number for horse: Rob the Rich
2025-11-14 16:40:42,156 - WARNING - Could not find registration number for horse: Jalen Journey
2025-11-14 16:40:42,156 - WARNING - Could not find registration number for horse: Jemography
2025-11-14 16:40:42,156 - WARNING - Could not find registration number for horse: Glory Road
2025-11-14 16:40:42,156 - WARNING - Could not find registration number for horse: Prisoner
2025-11-14 16:40:42,156 - WARNING - Could not find registration number for horse: Reed Kan
2025-11-14 16:40:42,156 - WARNING - Could not find registration number for horse: Lafitte's Fleet
2025-11-14 16:40:42,156 - WARNING - Could not find registration number for horse: Caerus
2025-11-14 16:40:42,163 - WARNING - Could not find registration number for horse: O'Trouble
2025-11-14 16:40:42,163 - WARNING - Could not find registration number for horse: Ballydooley (GB)
2025-11-14 16:40:42,163 - WARNING - Could not find registration number for horse: Bronx Bomber
2025-11-14 16:40:42,163 - WARNING - Could not find registration number for horse: Striking Speed
2025-11-14 16:40:42,163 - WARNING - Could not find registration number for horse: Caribbean (AUS)
2025-11-14 16:40:42,163 - WARNING - Could not find registration number for horse: Cash Now
2025-11-14 16:40:42,168 - WARNING - Could not find registration number for horse: Caiarossa
2025-11-14 16:40:42,168 - WARNING - Could not find registration number for horse: Fuligni
2025-11-14 16:40:42,168 - WARNING - Could not find registration number for horse: Mostly Harmless
2025-11-14 16:40:42,170 - WARNING - Could not find registration number for horse: Gracefully Wild
2025-11-14 16:40:42,170 - WARNING - Could not find registration number for horse: Afilada
2025-11-14 16:40:42,172 - WARNING - Could not find registration number for horse: Lordhearmyprayer
2025-11-14 16:40:42,172 - WARNING - Could not find registration number for horse: Ricelle
2025-11-14 16:40:42,172 - WARNING - Could not find registration number for horse: Boxed in and Bored
2025-11-14 16:40:42,174 - WARNING - Could not find registration number for horse: Tenebris
2025-11-14 16:40:42,174 - WARNING - Could not find registration number for horse: Built to Last
2025-11-14 16:40:42,176 - WARNING - Could not find registration number for horse: Cousin Andrew
2025-11-14 16:40:42,176 - WARNING - Could not find registration number for horse: Holey Matrimony
2025-11-14 16:40:42,176 - WARNING - Could not find registration number for horse: Major Spin
2025-11-14 16:40:42,178 - WARNING - Could not find registration number for horse: Gaslight
2025-11-14 16:40:42,178 - WARNING - Could not find registration number for horse: What a Dude
2025-11-14 16:40:42,178 - WARNING - Could not find registration number for horse: Liam's Fire
2025-11-14 16:40:42,180 - WARNING - Could not find registration number for horse: Amundson
2025-11-14 16:40:42,180 - WARNING - Could not find registration number for horse: Kinetic Sky
2025-11-14 16:40:42,180 - WARNING - Could not find registration number for horse: Chestertown
2025-11-14 16:40:42,182 - WARNING - Could not find registration number for horse: Milton the Monster
2025-11-14 16:40:42,182 - WARNING - Could not find registration number for horse: Stage Left
2025-11-14 16:40:42,184 - WARNING - Could not find registration number for horse: Lucky Brody
2025-11-14 16:40:42,184 - WARNING - Could not find registration number for horse: Astral Weeks
2025-11-14 16:40:42,184 - WARNING - Could not find registration number for horse: Cash in a Flash
2025-11-14 16:40:42,186 - WARNING - Could not find registration number for horse: Misbehaved
2025-11-14 16:40:42,186 - WARNING - Could not find registration number for horse: Giramonte
2025-11-14 16:40:42,186 - WARNING - Could not find registration number for horse: Ghostlyprince
2025-11-14 16:40:42,186 - WARNING - Could not find registration number for horse: Prince of Joy
2025-11-14 16:40:42,186 - WARNING - Could not find registration number for horse: Mailman's a Flyer
2025-11-14 16:40:42,186 - WARNING - Could not find registration number for horse: B C Glory Days
2025-11-14 16:40:42,186 - WARNING - Could not find registration number for horse: Bourbon's Hope
2025-11-14 16:40:42,186 - INFO - Result Chart extraction results:
2025-11-14 16:40:42,186 - INFO -   Race updates: 9
2025-11-14 16:40:42,186 - INFO -   Entry updates: 0
2025-11-14 16:40:42,186 - INFO - 
Sample race update:
2025-11-14 16:40:42,186 - INFO -   race_id: AQU_2023-01-01_1
2025-11-14 16:40:42,186 - INFO -   winning_time: 73.61
2025-11-14 16:40:42,186 - INFO -   final_fraction_time: 0.0
2025-11-14 16:40:42,186 - INFO -   track_condition: MUDDY
2025-11-14 16:40:42,186 - INFO -   weather: Clear
2025-11-14 16:40:42,186 - INFO -   wind_speed: None
2025-11-14 16:40:42,186 - INFO -   wind_direction: None
2025-11-14 16:40:42,186 - INFO - 
Testing database update...
2025-11-14 16:40:42,193 - INFO - Updated 9 races with results
2025-11-14 16:40:42,194 - INFO - Inserted 50 wagering records
2025-11-14 16:40:42,194 - INFO - Inserted 28 fraction records
2025-11-14 16:40:42,206 - INFO - Checking database status after extraction tests...
2025-11-14 16:40:42,206 - INFO - Races in database: 9
2025-11-14 16:40:42,206 - INFO - Entries in database: 69
2025-11-14 16:40:42,206 - INFO - Equipment records: 0
2025-11-14 16:40:42,206 - INFO - Wagering records: 50
2025-11-14 16:40:42,206 - INFO - 
Sample race record:
2025-11-14 16:40:42,206 - INFO -   race_id: USA_2023-01-01_1
2025-11-14 16:40:42,206 - INFO -   track_code: USA
2025-11-14 16:40:42,206 - INFO -   race_date: 2023-01-01
2025-11-14 16:40:42,206 - INFO -   race_number: 1
2025-11-14 16:40:42,206 - INFO -   course_type: DIRT
2025-11-14 16:40:42,206 - INFO -   race_type: MCL
2025-11-14 16:40:42,206 - INFO -   distance_yards: 132000
2025-11-14 16:40:42,206 - INFO -   purse: 43000
2025-11-14 16:40:42,206 - INFO - 
Sample entry record:
2025-11-14 16:40:42,206 - INFO -   entry_id: USA_2023-01-01_1_18009698
2025-11-14 16:40:42,206 - INFO -   registration_number: 18009698
2025-11-14 16:40:42,206 - INFO -   program_number: 1
2025-11-14 16:40:42,206 - INFO -   post_position: 1
2025-11-14 16:40:42,206 - INFO -   has_blinkers: 0
2025-11-14 16:40:42,206 - INFO -   has_lasix: 0
2025-11-14 16:40:42,206 - INFO -   weight_lbs: 112
2025-11-14 16:40:42,206 - INFO -   morning_line_odds: 20/1
2025-11-14 16:40:42,206 - INFO -   finish_position: None
2025-11-14 16:40:42,206 - INFO -   actual_odds: None
2025-11-14 16:45:41,225 - INFO - Testing Past Performance extraction...
2025-11-14 16:45:41,435 - INFO - Past Performance extraction results:
2025-11-14 16:45:41,435 - INFO -   Races found: 9
2025-11-14 16:45:41,435 - INFO -   Entries found: 69
2025-11-14 16:45:41,435 - INFO - 
Sample race data:
2025-11-14 16:45:41,435 - INFO -   race_id: USA_2023-01-01_1
2025-11-14 16:45:41,435 - INFO -   track_code: USA
2025-11-14 16:45:41,435 - INFO -   race_date: 2023-01-01
2025-11-14 16:45:41,435 - INFO -   race_number: 1
2025-11-14 16:45:41,435 - INFO -   race_name: None
2025-11-14 16:45:41,435 - INFO -   conditions_text: FOR MAIDENS, FOUR YEARS OLD  AND UPWARD FOALED IN NEW YORK STATE AND APPROVED BY THE NEW YORK STATE-BRED REGISTRY. Weight, 122 lbs. Claiming Price $40,000 (1.5% Aftercare Assessment Due At Time Of Claim Otherwise Claim Will Be Void).
2025-11-14 16:45:41,435 - INFO -   post_time: 12:20PM
2025-11-14 16:45:41,435 - INFO -   max_claim_price: 40000.00
2025-11-14 16:45:41,435 - INFO -   min_claim_price: 40000.00
2025-11-14 16:45:41,435 - INFO -   source_file: 2023 PPs/SIMD20230101AQU_USA.xml
2025-11-14 16:45:41,435 - INFO -   data_source: past_performance
2025-11-14 16:45:41,435 - INFO -   course_type_code: DIRT
2025-11-14 16:45:41,435 - INFO -   track_condition: UNKNOWN
2025-11-14 16:45:41,435 - INFO -   race_type_code: CLAIMING
2025-11-14 16:45:41,435 - INFO -   race_type_description: MAIDEN CLAIMING
2025-11-14 16:45:41,435 - INFO -   class_level: 2
2025-11-14 16:45:41,435 - INFO -   purse_category: CLAIMING
2025-11-14 16:45:41,435 - INFO -   min_age: 4
2025-11-14 16:45:41,435 - INFO -   max_age: None
2025-11-14 16:45:41,435 - INFO -   fillies_and_mares: False
2025-11-14 16:45:41,436 - INFO -   colts_and_geldings: False
2025-11-14 16:45:41,436 - INFO -   fillies_only: False
2025-11-14 16:45:41,436 - INFO -   mares_only: False
2025-11-14 16:45:41,436 - INFO -   colts_only: False
2025-11-14 16:45:41,436 - INFO -   geldings_only: False
2025-11-14 16:45:41,436 - INFO -   distance_yards: 132000
2025-11-14 16:45:41,436 - INFO -   purse_usd: 43000.0
2025-11-14 16:45:41,436 - INFO - 
Sample entry data:
2025-11-14 16:45:41,436 - INFO -   entry_id: USA_2023-01-01_1_18009698
2025-11-14 16:45:41,436 - INFO -   race_id: USA_2023-01-01_1
2025-11-14 16:45:41,436 - INFO -   registration_number: 18009698
2025-11-14 16:45:41,436 - INFO -   program_number: 1
2025-11-14 16:45:41,436 - INFO -   post_position: 1
2025-11-14 16:45:41,436 - INFO -   age_at_race: 5
2025-11-14 16:45:41,436 - INFO -   claim_price: 40000.0
2025-11-14 16:45:41,436 - INFO -   morning_line_odds: 20/1
2025-11-14 16:45:41,436 - INFO -   scratched: False
2025-11-14 16:45:41,436 - INFO -   trainer_id: 494
2025-11-14 16:45:41,436 - INFO -   owner_id: 2116693
2025-11-14 16:45:41,436 - INFO -   source_file: 2023 PPs/SIMD20230101AQU_USA.xml
2025-11-14 16:45:41,436 - INFO -   data_source: past_performance
2025-11-14 16:45:41,436 - INFO -   equipment_codes: []
2025-11-14 16:45:41,436 - INFO -   has_blinkers: False
2025-11-14 16:45:41,436 - INFO -   has_lasix: False
2025-11-14 16:45:41,436 - INFO -   has_tongue_tie: False
2025-11-14 16:45:41,436 - INFO -   has_nasal_strip: False
2025-11-14 16:45:41,436 - INFO -   weight_lbs: 112
2025-11-14 16:45:41,436 - INFO -   medication_codes: []
2025-11-14 16:45:41,436 - INFO - 
Testing database insertion...
2025-11-14 16:45:41,438 - INFO - Inserted 9 races
2025-11-14 16:45:41,441 - INFO - Inserted 69 entries
2025-11-14 16:45:41,442 - INFO - Testing Result Chart extraction...
2025-11-14 16:45:41,545 - WARNING - Could not find registration number for horse: Igottahaveit
2025-11-14 16:45:41,546 - WARNING - Could not find registration number for horse: Steerage
2025-11-14 16:45:41,546 - WARNING - Could not find registration number for horse: Clash A. J.
2025-11-14 16:45:41,547 - WARNING - Could not find registration number for horse: Quackenbush
2025-11-14 16:45:41,547 - WARNING - Could not find registration number for horse: Silent Running
2025-11-14 16:45:41,548 - WARNING - Could not find registration number for horse: Color Commish
2025-11-14 16:45:41,548 - WARNING - Could not find registration number for horse: Swifty Devil
2025-11-14 16:45:41,549 - WARNING - Could not find registration number for horse: Going in Style
2025-11-14 16:45:41,549 - WARNING - Could not find registration number for horse: Bobby the Tank
2025-11-14 16:45:41,549 - WARNING - Could not find registration number for horse: Larz
2025-11-14 16:45:41,550 - WARNING - Could not find registration number for horse: Joey Freshwater
2025-11-14 16:45:41,550 - WARNING - Could not find registration number for horse: Flashy Alex
2025-11-14 16:45:41,551 - WARNING - Could not find registration number for horse: Sweet Willemina
2025-11-14 16:45:41,551 - WARNING - Could not find registration number for horse: Battle Bling
2025-11-14 16:45:41,551 - WARNING - Could not find registration number for horse: Tonal Vision
2025-11-14 16:45:41,552 - WARNING - Could not find registration number for horse: Exotic West
2025-11-14 16:45:41,552 - WARNING - Could not find registration number for horse: Falconet
2025-11-14 16:45:41,553 - WARNING - Could not find registration number for horse: Rob the Rich
2025-11-14 16:45:41,553 - WARNING - Could not find registration number for horse: Jalen Journey
2025-11-14 16:45:41,554 - WARNING - Could not find registration number for horse: Jemography
2025-11-14 16:45:41,554 - WARNING - Could not find registration number for horse: Glory Road
2025-11-14 16:45:41,554 - WARNING - Could not find registration number for horse: Prisoner
2025-11-14 16:45:41,555 - WARNING - Could not find registration number for horse: Reed Kan
2025-11-14 16:45:41,555 - WARNING - Could not find registration number for horse: Lafitte's Fleet
2025-11-14 16:45:41,556 - WARNING - Could not find registration number for horse: Caerus
2025-11-14 16:45:41,556 - WARNING - Could not find registration number for horse: O'Trouble
2025-11-14 16:45:41,557 - WARNING - Could not find registration number for horse: Ballydooley (GB)
2025-11-14 16:45:41,557 - WARNING - Could not find registration number for horse: Bronx Bomber
2025-11-14 16:45:41,558 - WARNING - Could not find registration number for horse: Striking Speed
2025-11-14 16:45:41,558 - WARNING - Could not find registration number for horse: Caribbean (AUS)
2025-11-14 16:45:41,558 - WARNING - Could not find registration number for horse: Cash Now
2025-11-14 16:45:41,559 - WARNING - Could not find registration number for horse: Caiarossa
2025-11-14 16:45:41,559 - WARNING - Could not find registration number for horse: Fuligni
2025-11-14 16:45:41,560 - WARNING - Could not find registration number for horse: Mostly Harmless
2025-11-14 16:45:41,560 - WARNING - Could not find registration number for horse: Gracefully Wild
2025-11-14 16:45:41,560 - WARNING - Could not find registration number for horse: Afilada
2025-11-14 16:45:41,561 - WARNING - Could not find registration number for horse: Lordhearmyprayer
2025-11-14 16:45:41,561 - WARNING - Could not find registration number for horse: Ricelle
2025-11-14 16:45:41,562 - WARNING - Could not find registration number for horse: Boxed in and Bored
2025-11-14 16:45:41,562 - WARNING - Could not find registration number for horse: Tenebris
2025-11-14 16:45:41,563 - WARNING - Could not find registration number for horse: Built to Last
2025-11-14 16:45:41,563 - WARNING - Could not find registration number for horse: Cousin Andrew
2025-11-14 16:45:41,563 - WARNING - Could not find registration number for horse: Holey Matrimony
2025-11-14 16:45:41,564 - WARNING - Could not find registration number for horse: Major Spin
2025-11-14 16:45:41,564 - WARNING - Could not find registration number for horse: Gaslight
2025-11-14 16:45:41,565 - WARNING - Could not find registration number for horse: What a Dude
2025-11-14 16:45:41,565 - WARNING - Could not find registration number for horse: Liam's Fire
2025-11-14 16:45:41,565 - WARNING - Could not find registration number for horse: Amundson
2025-11-14 16:45:41,566 - WARNING - Could not find registration number for horse: Kinetic Sky
2025-11-14 16:45:41,566 - WARNING - Could not find registration number for horse: Chestertown
2025-11-14 16:45:41,567 - WARNING - Could not find registration number for horse: Milton the Monster
2025-11-14 16:45:41,567 - WARNING - Could not find registration number for horse: Stage Left
2025-11-14 16:45:41,568 - WARNING - Could not find registration number for horse: Lucky Brody
2025-11-14 16:45:41,568 - WARNING - Could not find registration number for horse: Astral Weeks
2025-11-14 16:45:41,569 - WARNING - Could not find registration number for horse: Cash in a Flash
2025-11-14 16:45:41,569 - WARNING - Could not find registration number for horse: Misbehaved
2025-11-14 16:45:41,570 - WARNING - Could not find registration number for horse: Giramonte
2025-11-14 16:45:41,570 - WARNING - Could not find registration number for horse: Ghostlyprince
2025-11-14 16:45:41,570 - WARNING - Could not find registration number for horse: Prince of Joy
2025-11-14 16:45:41,571 - WARNING - Could not find registration number for horse: Mailman's a Flyer
2025-11-14 16:45:41,571 - WARNING - Could not find registration number for horse: B C Glory Days
2025-11-14 16:45:41,571 - WARNING - Could not find registration number for horse: Bourbon's Hope
2025-11-14 16:45:41,571 - INFO - Result Chart extraction results:
2025-11-14 16:45:41,571 - INFO -   Race updates: 9
2025-11-14 16:45:41,571 - INFO -   Entry updates: 0
2025-11-14 16:45:41,571 - INFO - 
Sample race update:
2025-11-14 16:45:41,571 - INFO -   race_id: AQU_2023-01-01_1
2025-11-14 16:45:41,571 - INFO -   winning_time: 73.61
2025-11-14 16:45:41,571 - INFO -   final_fraction_time: 0.0
2025-11-14 16:45:41,571 - INFO -   track_condition: MUDDY
2025-11-14 16:45:41,571 - INFO -   weather: Clear
2025-11-14 16:45:41,571 - INFO -   wind_speed: None
2025-11-14 16:45:41,571 - INFO -   wind_direction: None
2025-11-14 16:45:41,571 - INFO - 
Testing database update...
2025-11-14 16:45:41,571 - INFO - Updated 9 races with results
2025-11-14 16:45:41,571 - INFO - Inserted 50 wagering records
2025-11-14 16:45:41,571 - INFO - Inserted 28 fraction records
2025-11-14 16:45:41,571 - INFO - Checking database status after extraction tests...
2025-11-14 16:45:41,571 - INFO - Races in database: 9
2025-11-14 16:45:41,571 - INFO - Entries in database: 69
2025-11-14 16:45:41,571 - INFO - Equipment records: 0
2025-11-14 16:45:41,571 - INFO - Wagering records: 50
2025-11-14 16:45:41,571 - INFO - 
Sample race record:
2025-11-14 16:45:41,571 - INFO -   race_id: USA_2023-01-01_1
2025-11-14 16:45:41,571 - INFO -   track_code: USA
2025-11-14 16:45:41,571 - INFO -   race_date: 2023-01-01
2025-11-14 16:45:41,571 - INFO -   race_number: 1
2025-11-14 16:45:41,571 - INFO -   course_type: DIRT
2025-11-14 16:45:41,571 - INFO -   race_type: MCL
2025-11-14 16:45:41,571 - INFO -   distance_yards: 132000
2025-11-14 16:45:41,571 - INFO -   purse: 43000
2025-11-14 16:45:41,571 - INFO - 
Sample entry record:
2025-11-14 16:45:41,571 - INFO -   entry_id: USA_2023-01-01_1_18009698
2025-11-14 16:45:41,571 - INFO -   registration_number: 18009698
2025-11-14 16:45:41,571 - INFO -   program_number: 1
2025-11-14 16:45:41,571 - INFO -   post_position: 1
2025-11-14 16:45:41,571 - INFO -   has_blinkers: 0
2025-11-14 16:45:41,571 - INFO -   has_lasix: 0
2025-11-14 16:45:41,571 - INFO -   weight_lbs: 112
2025-11-14 16:45:41,571 - INFO -   morning_line_odds: 20/1
2025-11-14 16:45:41,571 - INFO -   finish_position: None
2025-11-14 16:45:41,571 - INFO -   actual_odds: None
2025-11-14 16:48:42,818 - INFO - Starting Past Performance extraction from 2023 PPs
2025-11-14 16:48:42,818 - INFO - Using 45 workers with standardization
2025-11-14 16:48:43,408 - INFO - Found 5924 Past Performance XML files to process
2025-11-14 16:49:17,629 - INFO - Processed 100 files. Races: 198, Entries: 1782
2025-11-14 16:49:40,102 - INFO - Processed 200 files. Races: 356, Entries: 3268
2025-11-14 16:49:57,433 - INFO - Performing batch database insert...
2025-11-14 16:49:57,658 - INFO - Inserted 514 races
2025-11-14 16:49:59,557 - INFO - Inserted 4737 entries
2025-11-14 16:49:59,759 - INFO - Inserted 913 equipment records
2025-11-14 16:50:03,338 - INFO - Processed 300 files. Races: 483, Entries: 4472
2025-11-14 16:50:23,941 - INFO - Processed 400 files. Races: 627, Entries: 5817
2025-11-14 16:51:52,395 - ERROR - Error looking up registration number for Igottahaveit: no such table: horses_master
2025-11-14 16:51:52,395 - WARNING - Could not find registration number for horse: Igottahaveit
2025-11-14 16:51:52,395 - ERROR - Error looking up registration number for Steerage: no such table: horses_master
2025-11-14 16:51:52,395 - WARNING - Could not find registration number for horse: Steerage
2025-11-14 16:51:52,395 - ERROR - Error looking up registration number for Clash A. J.: no such table: horses_master
2025-11-14 16:51:52,395 - WARNING - Could not find registration number for horse: Clash A. J.
2025-11-14 16:51:52,396 - ERROR - Error looking up registration number for Quackenbush: no such table: horses_master
2025-11-14 16:51:52,396 - WARNING - Could not find registration number for horse: Quackenbush
2025-11-14 16:51:52,396 - ERROR - Error looking up registration number for Silent Running: no such table: horses_master
2025-11-14 16:51:52,396 - WARNING - Could not find registration number for horse: Silent Running
2025-11-14 16:51:52,396 - ERROR - Error looking up registration number for Color Commish: no such table: horses_master
2025-11-14 16:51:52,396 - WARNING - Could not find registration number for horse: Color Commish
2025-11-14 16:51:52,396 - ERROR - Error looking up registration number for Swifty Devil: no such table: horses_master
2025-11-14 16:51:52,396 - WARNING - Could not find registration number for horse: Swifty Devil
2025-11-14 16:51:52,396 - ERROR - Error looking up registration number for Going in Style: no such table: horses_master
2025-11-14 16:51:52,396 - WARNING - Could not find registration number for horse: Going in Style
2025-11-14 16:51:52,396 - ERROR - Error looking up registration number for Bobby the Tank: no such table: horses_master
2025-11-14 16:51:52,396 - WARNING - Could not find registration number for horse: Bobby the Tank
2025-11-14 16:51:52,396 - ERROR - Error looking up registration number for Larz: no such table: horses_master
2025-11-14 16:51:52,396 - WARNING - Could not find registration number for horse: Larz
2025-11-14 16:51:52,396 - ERROR - Error looking up registration number for Joey Freshwater: no such table: horses_master
2025-11-14 16:51:52,396 - WARNING - Could not find registration number for horse: Joey Freshwater
2025-11-14 16:51:52,396 - ERROR - Error looking up registration number for Flashy Alex: no such table: horses_master
2025-11-14 16:51:52,396 - WARNING - Could not find registration number for horse: Flashy Alex
2025-11-14 16:51:52,396 - ERROR - Error looking up registration number for Sweet Willemina: no such table: horses_master
2025-11-14 16:51:52,396 - WARNING - Could not find registration number for horse: Sweet Willemina
2025-11-14 16:51:52,396 - ERROR - Error looking up registration number for Battle Bling: no such table: horses_master
2025-11-14 16:51:52,396 - WARNING - Could not find registration number for horse: Battle Bling
2025-11-14 16:51:52,396 - ERROR - Error looking up registration number for Tonal Vision: no such table: horses_master
2025-11-14 16:51:52,396 - WARNING - Could not find registration number for horse: Tonal Vision
2025-11-14 16:51:52,396 - ERROR - Error looking up registration number for Exotic West: no such table: horses_master
2025-11-14 16:51:52,396 - WARNING - Could not find registration number for horse: Exotic West
2025-11-14 16:51:52,396 - ERROR - Error looking up registration number for Falconet: no such table: horses_master
2025-11-14 16:51:52,396 - WARNING - Could not find registration number for horse: Falconet
2025-11-14 16:51:52,396 - ERROR - Error looking up registration number for Rob the Rich: no such table: horses_master
2025-11-14 16:51:52,396 - WARNING - Could not find registration number for horse: Rob the Rich
2025-11-14 16:51:52,396 - ERROR - Error looking up registration number for Jalen Journey: no such table: horses_master
2025-11-14 16:51:52,396 - WARNING - Could not find registration number for horse: Jalen Journey
2025-11-14 16:51:52,396 - ERROR - Error looking up registration number for Jemography: no such table: horses_master
2025-11-14 16:51:52,396 - WARNING - Could not find registration number for horse: Jemography
2025-11-14 16:51:52,396 - ERROR - Error looking up registration number for Glory Road: no such table: horses_master
2025-11-14 16:51:52,396 - WARNING - Could not find registration number for horse: Glory Road
2025-11-14 16:51:52,396 - ERROR - Error looking up registration number for Prisoner: no such table: horses_master
2025-11-14 16:51:52,396 - WARNING - Could not find registration number for horse: Prisoner
2025-11-14 16:51:52,396 - ERROR - Error looking up registration number for Reed Kan: no such table: horses_master
2025-11-14 16:51:52,396 - WARNING - Could not find registration number for horse: Reed Kan
2025-11-14 16:51:52,396 - ERROR - Error looking up registration number for Lafitte's Fleet: no such table: horses_master
2025-11-14 16:51:52,396 - WARNING - Could not find registration number for horse: Lafitte's Fleet
2025-11-14 16:51:52,396 - ERROR - Error looking up registration number for Caerus: no such table: horses_master
2025-11-14 16:51:52,396 - WARNING - Could not find registration number for horse: Caerus
2025-11-14 16:51:52,396 - ERROR - Error looking up registration number for O'Trouble: no such table: horses_master
2025-11-14 16:51:52,396 - WARNING - Could not find registration number for horse: O'Trouble
2025-11-14 16:51:52,396 - ERROR - Error looking up registration number for Ballydooley (GB): no such table: horses_master
2025-11-14 16:51:52,396 - WARNING - Could not find registration number for horse: Ballydooley (GB)
2025-11-14 16:51:52,396 - ERROR - Error looking up registration number for Bronx Bomber: no such table: horses_master
2025-11-14 16:51:52,396 - WARNING - Could not find registration number for horse: Bronx Bomber
2025-11-14 16:51:52,396 - ERROR - Error looking up registration number for Striking Speed: no such table: horses_master
2025-11-14 16:51:52,396 - WARNING - Could not find registration number for horse: Striking Speed
2025-11-14 16:51:52,406 - ERROR - Error looking up registration number for Caribbean (AUS): no such table: horses_master
2025-11-14 16:51:52,406 - WARNING - Could not find registration number for horse: Caribbean (AUS)
2025-11-14 16:51:52,406 - ERROR - Error looking up registration number for Cash Now: no such table: horses_master
2025-11-14 16:51:52,406 - WARNING - Could not find registration number for horse: Cash Now
2025-11-14 16:51:52,407 - ERROR - Error looking up registration number for Caiarossa: no such table: horses_master
2025-11-14 16:51:52,407 - WARNING - Could not find registration number for horse: Caiarossa
2025-11-14 16:51:52,407 - ERROR - Error looking up registration number for Fuligni: no such table: horses_master
2025-11-14 16:51:52,407 - WARNING - Could not find registration number for horse: Fuligni
2025-11-14 16:51:52,408 - ERROR - Error looking up registration number for Mostly Harmless: no such table: horses_master
2025-11-14 16:51:52,408 - WARNING - Could not find registration number for horse: Mostly Harmless
2025-11-14 16:51:52,408 - ERROR - Error looking up registration number for Gracefully Wild: no such table: horses_master
2025-11-14 16:51:52,408 - WARNING - Could not find registration number for horse: Gracefully Wild
2025-11-14 16:51:52,409 - ERROR - Error looking up registration number for Afilada: no such table: horses_master
2025-11-14 16:51:52,409 - WARNING - Could not find registration number for horse: Afilada
2025-11-14 16:51:52,409 - ERROR - Error looking up registration number for Lordhearmyprayer: no such table: horses_master
2025-11-14 16:51:52,409 - WARNING - Could not find registration number for horse: Lordhearmyprayer
2025-11-14 16:51:52,409 - ERROR - Error looking up registration number for Ricelle: no such table: horses_master
2025-11-14 16:51:52,410 - WARNING - Could not find registration number for horse: Ricelle
2025-11-14 16:51:52,410 - ERROR - Error looking up registration number for Boxed in and Bored: no such table: horses_master
2025-11-14 16:51:52,410 - WARNING - Could not find registration number for horse: Boxed in and Bored
2025-11-14 16:51:52,410 - ERROR - Error looking up registration number for Tenebris: no such table: horses_master
2025-11-14 16:51:52,410 - WARNING - Could not find registration number for horse: Tenebris
2025-11-14 16:51:52,411 - ERROR - Error looking up registration number for Built to Last: no such table: horses_master
2025-11-14 16:51:52,411 - WARNING - Could not find registration number for horse: Built to Last
2025-11-14 16:51:52,412 - ERROR - Error looking up registration number for Cousin Andrew: no such table: horses_master
2025-11-14 16:51:52,412 - WARNING - Could not find registration number for horse: Cousin Andrew
2025-11-14 16:51:52,412 - ERROR - Error looking up registration number for Holey Matrimony: no such table: horses_master
2025-11-14 16:51:52,412 - WARNING - Could not find registration number for horse: Holey Matrimony
2025-11-14 16:51:52,413 - ERROR - Error looking up registration number for Major Spin: no such table: horses_master
2025-11-14 16:51:52,413 - WARNING - Could not find registration number for horse: Major Spin
2025-11-14 16:51:52,413 - ERROR - Error looking up registration number for Gaslight: no such table: horses_master
2025-11-14 16:51:52,414 - WARNING - Could not find registration number for horse: Gaslight
2025-11-14 16:51:52,414 - ERROR - Error looking up registration number for What a Dude: no such table: horses_master
2025-11-14 16:51:52,414 - WARNING - Could not find registration number for horse: What a Dude
2025-11-14 16:51:52,414 - ERROR - Error looking up registration number for Liam's Fire: no such table: horses_master
2025-11-14 16:51:52,414 - WARNING - Could not find registration number for horse: Liam's Fire
2025-11-14 16:51:52,415 - ERROR - Error looking up registration number for Amundson: no such table: horses_master
2025-11-14 16:51:52,415 - WARNING - Could not find registration number for horse: Amundson
2025-11-14 16:51:52,415 - ERROR - Error looking up registration number for Kinetic Sky: no such table: horses_master
2025-11-14 16:51:52,415 - WARNING - Could not find registration number for horse: Kinetic Sky
2025-11-14 16:51:52,416 - ERROR - Error looking up registration number for Chestertown: no such table: horses_master
2025-11-14 16:51:52,416 - WARNING - Could not find registration number for horse: Chestertown
2025-11-14 16:51:52,416 - ERROR - Error looking up registration number for Milton the Monster: no such table: horses_master
2025-11-14 16:51:52,416 - WARNING - Could not find registration number for horse: Milton the Monster
2025-11-14 16:51:52,417 - ERROR - Error looking up registration number for Stage Left: no such table: horses_master
2025-11-14 16:51:52,417 - WARNING - Could not find registration number for horse: Stage Left
2025-11-14 16:51:52,417 - ERROR - Error looking up registration number for Lucky Brody: no such table: horses_master
2025-11-14 16:51:52,417 - WARNING - Could not find registration number for horse: Lucky Brody
2025-11-14 16:51:52,418 - ERROR - Error looking up registration number for Astral Weeks: no such table: horses_master
2025-11-14 16:51:52,418 - WARNING - Could not find registration number for horse: Astral Weeks
2025-11-14 16:51:52,418 - ERROR - Error looking up registration number for Cash in a Flash: no such table: horses_master
2025-11-14 16:51:52,418 - WARNING - Could not find registration number for horse: Cash in a Flash
2025-11-14 16:51:52,419 - ERROR - Error looking up registration number for Misbehaved: no such table: horses_master
2025-11-14 16:51:52,419 - WARNING - Could not find registration number for horse: Misbehaved
2025-11-14 16:51:52,419 - ERROR - Error looking up registration number for Giramonte: no such table: horses_master
2025-11-14 16:51:52,419 - WARNING - Could not find registration number for horse: Giramonte
2025-11-14 16:51:52,420 - ERROR - Error looking up registration number for Ghostlyprince: no such table: horses_master
2025-11-14 16:51:52,420 - WARNING - Could not find registration number for horse: Ghostlyprince
2025-11-14 16:51:52,420 - ERROR - Error looking up registration number for Prince of Joy: no such table: horses_master
2025-11-14 16:51:52,420 - WARNING - Could not find registration number for horse: Prince of Joy
2025-11-14 16:51:52,421 - ERROR - Error looking up registration number for Mailman's a Flyer: no such table: horses_master
2025-11-14 16:51:52,421 - WARNING - Could not find registration number for horse: Mailman's a Flyer
2025-11-14 16:51:52,421 - ERROR - Error looking up registration number for B C Glory Days: no such table: horses_master
2025-11-14 16:51:52,421 - WARNING - Could not find registration number for horse: B C Glory Days
2025-11-14 16:51:52,421 - ERROR - Error looking up registration number for Bourbon's Hope: no such table: horses_master
2025-11-14 16:51:52,421 - WARNING - Could not find registration number for horse: Bourbon's Hope
2025-12-16 09:17:51,363 - INFO - Starting Past Performance extraction from 2023 PPs
2025-12-16 09:17:51,369 - INFO - Using 45 workers with standardization
2025-12-16 09:17:51,593 - INFO - Found 5924 Past Performance XML files to process
2025-12-16 09:18:09,247 - INFO - Processed 100 files. Races: 197, Entries: 1761
2025-12-16 09:18:20,313 - INFO - Processed 200 files. Races: 358, Entries: 3271
2025-12-16 09:18:28,006 - INFO - Performing batch database insert...
2025-12-16 09:18:28,121 - INFO - Inserted 500 races
2025-12-16 09:18:28,953 - INFO - Inserted 4604 entries
2025-12-16 09:18:29,178 - INFO - Inserted 882 equipment records
2025-12-16 09:18:32,035 - INFO - Processed 300 files. Races: 485, Entries: 4475
2025-12-16 09:18:42,952 - INFO - Processed 400 files. Races: 628, Entries: 5804
2025-12-16 09:18:54,936 - INFO - Processed 500 files. Races: 767, Entries: 7082
2025-12-16 09:19:07,691 - INFO - Processed 600 files. Races: 876, Entries: 8135
2025-12-16 09:19:16,140 - INFO - Performing batch database insert...
2025-12-16 09:19:16,237 - INFO - Inserted 505 races
2025-12-16 09:19:17,014 - INFO - Inserted 4749 entries
2025-12-16 09:19:17,280 - INFO - Inserted 1059 equipment records
2025-12-16 09:19:22,474 - INFO - Processed 700 files. Races: 1006, Entries: 9283
2025-12-16 09:19:33,952 - INFO - Processed 800 files. Races: 1151, Entries: 10666
2025-12-16 09:19:45,233 - INFO - Processed 900 files. Races: 1270, Entries: 11787
2025-12-16 09:19:57,445 - INFO - Processed 1000 files. Races: 1409, Entries: 13058
2025-12-16 09:20:02,124 - INFO - Performing batch database insert...
2025-12-16 09:20:02,329 - INFO - Inserted 504 races
2025-12-16 09:20:03,329 - INFO - Inserted 4818 entries
2025-12-16 09:20:03,561 - INFO - Inserted 924 equipment records
2025-12-16 09:20:10,651 - INFO - Processed 1100 files. Races: 1525, Entries: 14191
2025-12-16 09:20:21,600 - INFO - Processed 1200 files. Races: 1660, Entries: 15417
2025-12-16 09:20:33,420 - INFO - Processed 1300 files. Races: 1806, Entries: 16757
2025-12-16 09:20:46,143 - INFO - Processed 1400 files. Races: 1941, Entries: 18138
2025-12-16 09:20:46,811 - INFO - Performing batch database insert...
2025-12-16 09:20:46,918 - INFO - Inserted 501 races
2025-12-16 09:20:48,078 - INFO - Inserted 4798 entries
2025-12-16 09:20:48,211 - INFO - Inserted 760 equipment records
2025-12-16 09:20:57,644 - INFO - Processed 1500 files. Races: 2072, Entries: 19428
2025-12-16 09:21:08,405 - INFO - Processed 1600 files. Races: 2192, Entries: 20560
2025-12-16 09:21:19,051 - INFO - Processed 1700 files. Races: 2339, Entries: 21914
2025-12-16 09:21:30,485 - INFO - Processed 1800 files. Races: 2458, Entries: 23023
2025-12-16 09:21:31,818 - INFO - Performing batch database insert...
2025-12-16 09:21:31,922 - INFO - Inserted 501 races
2025-12-16 09:21:32,936 - INFO - Inserted 4805 entries
2025-12-16 09:21:33,062 - INFO - Inserted 757 equipment records
2025-12-16 09:21:41,652 - INFO - Processed 1900 files. Races: 2581, Entries: 24172
2025-12-16 09:21:51,844 - INFO - Processed 2000 files. Races: 2718, Entries: 25388
2025-12-16 09:22:01,513 - INFO - Processed 2100 files. Races: 2895, Entries: 26948
2025-12-16 09:22:10,786 - INFO - Performing batch database insert...
2025-12-16 09:22:10,967 - INFO - Inserted 507 races
2025-12-16 09:22:12,251 - INFO - Inserted 4615 entries
2025-12-16 09:22:12,376 - INFO - Inserted 588 equipment records
2025-12-16 09:22:13,117 - INFO - Processed 2200 files. Races: 3009, Entries: 27983
2025-12-16 09:22:22,776 - INFO - Processed 2300 files. Races: 3129, Entries: 28989
2025-12-16 09:22:31,503 - INFO - Processed 2400 files. Races: 3289, Entries: 30393
2025-12-16 09:22:42,121 - INFO - Processed 2500 files. Races: 3405, Entries: 31365
2025-12-16 09:22:49,869 - INFO - Performing batch database insert...
2025-12-16 09:22:50,030 - INFO - Inserted 500 races
2025-12-16 09:22:51,473 - INFO - Inserted 4251 entries
2025-12-16 09:22:51,578 - INFO - Inserted 589 equipment records
2025-12-16 09:22:54,733 - INFO - Processed 2600 files. Races: 3545, Entries: 32573
2025-12-16 09:23:05,493 - INFO - Processed 2700 files. Races: 3665, Entries: 33588
2025-12-16 09:23:16,843 - INFO - Processed 2800 files. Races: 3791, Entries: 34687
2025-12-16 09:23:28,351 - INFO - Processed 2900 files. Races: 3925, Entries: 35865
2025-12-16 09:23:35,291 - INFO - Performing batch database insert...
2025-12-16 09:23:35,420 - INFO - Inserted 500 races
2025-12-16 09:23:36,482 - INFO - Inserted 4428 entries
2025-12-16 09:23:36,609 - INFO - Inserted 598 equipment records
2025-12-16 09:23:39,207 - INFO - Processed 3000 files. Races: 4054, Entries: 37009
2025-12-16 09:23:49,227 - INFO - Processed 3100 files. Races: 4211, Entries: 38300
2025-12-16 09:23:59,816 - INFO - Processed 3200 files. Races: 4339, Entries: 39395
2025-12-16 09:24:10,299 - INFO - Processed 3300 files. Races: 4462, Entries: 40432
2025-12-16 09:24:14,571 - INFO - Performing batch database insert...
2025-12-16 09:24:14,765 - INFO - Inserted 501 races
2025-12-16 09:24:16,064 - INFO - Inserted 4288 entries
2025-12-16 09:24:16,091 - INFO - Inserted 536 equipment records
2025-12-16 09:24:20,665 - INFO - Processed 3400 files. Races: 4590, Entries: 41554
2025-12-16 09:24:31,576 - INFO - Processed 3500 files. Races: 4722, Entries: 42732
2025-12-16 09:24:42,846 - INFO - Processed 3600 files. Races: 4862, Entries: 43962
2025-12-16 09:24:53,369 - INFO - Processed 3700 files. Races: 4998, Entries: 45041
2025-12-16 09:24:56,897 - INFO - Performing batch database insert...
2025-12-16 09:24:57,121 - INFO - Inserted 508 races
2025-12-16 09:24:58,446 - INFO - Inserted 4403 entries
2025-12-16 09:24:58,592 - INFO - Inserted 539 equipment records
2025-12-16 09:25:04,574 - INFO - Processed 3800 files. Races: 5123, Entries: 46091
2025-12-16 09:25:15,516 - INFO - Processed 3900 files. Races: 5271, Entries: 47305
2025-12-16 09:25:25,335 - INFO - Processed 4000 files. Races: 5409, Entries: 48407
2025-12-16 09:25:36,844 - INFO - Processed 4100 files. Races: 5529, Entries: 49477
2025-12-16 09:25:38,299 - INFO - Performing batch database insert...
2025-12-16 09:25:38,475 - INFO - Inserted 501 races
2025-12-16 09:25:39,320 - INFO - Inserted 4272 entries
2025-12-16 09:25:39,421 - INFO - Inserted 642 equipment records
2025-12-16 09:25:47,006 - INFO - Processed 4200 files. Races: 5655, Entries: 50530
2025-12-16 09:25:58,704 - INFO - Processed 4300 files. Races: 5805, Entries: 51824
2025-12-16 09:26:09,390 - INFO - Processed 4400 files. Races: 5969, Entries: 53308
2025-12-16 09:26:15,172 - INFO - Performing batch database insert...
2025-12-16 09:26:15,283 - INFO - Inserted 506 races
2025-12-16 09:26:16,522 - INFO - Inserted 4400 entries
2025-12-16 09:26:16,728 - INFO - Inserted 547 equipment records
2025-12-16 09:26:21,832 - INFO - Processed 4500 files. Races: 6122, Entries: 54618
2025-12-16 09:26:33,433 - INFO - Processed 4600 files. Races: 6301, Entries: 56308
2025-12-16 09:26:44,936 - INFO - Processed 4700 files. Races: 6434, Entries: 57507
2025-12-16 09:26:56,309 - INFO - Performing batch database insert...
2025-12-16 09:26:56,508 - INFO - Inserted 507 races
2025-12-16 09:26:57,475 - INFO - Processed 4800 files. Races: 6590, Entries: 58888
2025-12-16 09:26:58,012 - INFO - Inserted 4832 entries
2025-12-16 09:26:58,148 - INFO - Inserted 599 equipment records
2025-12-16 09:27:09,696 - INFO - Processed 4900 files. Races: 6751, Entries: 60453
2025-12-16 09:27:21,629 - INFO - Processed 5000 files. Races: 6921, Entries: 62029
2025-12-16 09:27:33,401 - INFO - Processed 5100 files. Races: 7058, Entries: 63313
2025-12-16 09:27:38,083 - INFO - Performing batch database insert...
2025-12-16 09:27:38,266 - INFO - Inserted 511 races
2025-12-16 09:27:39,231 - INFO - Inserted 4816 entries
2025-12-16 09:27:39,548 - INFO - Inserted 648 equipment records
2025-12-16 09:27:44,332 - INFO - Processed 5200 files. Races: 7171, Entries: 64397
2025-12-16 09:27:57,048 - INFO - Processed 5300 files. Races: 7333, Entries: 65895
2025-12-16 09:28:10,443 - INFO - Processed 5400 files. Races: 7496, Entries: 67484
2025-12-16 09:28:18,500 - INFO - Performing batch database insert...
2025-12-16 09:28:18,658 - INFO - Inserted 512 races
2025-12-16 09:28:19,662 - INFO - Inserted 4958 entries
2025-12-16 09:28:19,805 - INFO - Inserted 774 equipment records
2025-12-16 09:28:25,495 - INFO - Processed 5500 files. Races: 7692, Entries: 69355
2025-12-16 09:28:38,029 - INFO - Processed 5600 files. Races: 7861, Entries: 70917
2025-12-16 09:28:50,371 - INFO - Processed 5700 files. Races: 8037, Entries: 72454
2025-12-16 09:28:56,789 - INFO - Performing batch database insert...
2025-12-16 09:28:56,995 - INFO - Inserted 508 races
2025-12-16 09:28:58,101 - INFO - Inserted 4739 entries
2025-12-16 09:28:58,291 - INFO - Inserted 855 equipment records
2025-12-16 09:29:04,555 - INFO - Processed 5800 files. Races: 8210, Entries: 74094
2025-12-16 09:29:15,037 - INFO - Processed 5900 files. Races: 8421, Entries: 76152
2025-12-16 09:29:15,348 - INFO - Final batch database insert...
2025-12-16 09:29:15,362 - INFO - Inserted 232 races
2025-12-16 09:29:15,472 - INFO - Inserted 2262 entries
2025-12-16 09:29:15,484 - INFO - Inserted 452 equipment records
2025-12-16 09:29:15,539 - INFO - ============================================================
2025-12-16 09:29:15,539 - INFO - PAST PERFORMANCE EXTRACTION COMPLETE
2025-12-16 09:29:15,539 - INFO - ============================================================
2025-12-16 09:29:15,540 - INFO - Files processed: 5924
2025-12-16 09:29:15,540 - INFO - Races extracted: 8443
2025-12-16 09:29:15,540 - INFO - Entries extracted: 76361
2025-12-16 09:29:15,540 - INFO - Equipment records: 551520
2025-12-16 09:29:15,541 - INFO - Errors: 0
2025-12-16 09:29:15,541 - INFO - Duration: 684.18 seconds
2025-12-16 09:29:15,541 - INFO - Files per second: 8.66
2025-12-16 09:29:15,541 - INFO - ============================================================
